#
# There is insufficient memory for the Java Runtime Environment to continue.
# Native memory allocation (mmap) failed to map 266338304 bytes. Error detail: G1 virtual space
# Possible reasons:
#   The system is out of physical RAM or swap space
#   This process is running with CompressedOops enabled, and the Java Heap may be blocking the growth of the native heap
# Possible solutions:
#   Reduce memory load on the system
#   Increase physical memory or swap space
#   Check if swap backing store is full
#   Decrease Java heap size (-Xmx/-Xms)
#   Decrease number of Java threads
#   Decrease Java thread stack sizes (-Xss)
#   Set larger code cache with -XX:ReservedCodeCacheSize=
#   JVM is running with Zero Based Compressed Oops mode in which the Java heap is
#     placed in the first 32GB address space. The Java Heap base address is the
#     maximum limit for the native heap growth. Please use -XX:HeapBaseMinAddress
#     to set the Java Heap base and to place the Java Heap above 32GB virtual address.
# This output file may be truncated or incomplete.
#
#  Out of Memory Error (os_windows.cpp:3616), pid=14952, tid=20068
#
# JRE version:  (21.0.5+11) (build )
# Java VM: OpenJDK 64-Bit Server VM (21.0.5+11-LTS, mixed mode, sharing, tiered, compressed oops, compressed class ptrs, g1 gc, windows-amd64)
# No core dump will be written. Minidumps are not enabled by default on client versions of Windows
#

---------------  S U M M A R Y ------------

Command Line: -javaagent:C:\Program Files\JetBrains\IntelliJ IDEA 2023.2.2\lib\idea_rt.jar=58673:C:\Program Files\JetBrains\IntelliJ IDEA 2023.2.2\bin -Dfile.encoding=UTF-8 -Dsun.stdout.encoding=UTF-8 -Dsun.stderr.encoding=UTF-8 utils.RandomNumberGenerator

Host: Intel(R) Core(TM) i5-10200H CPU @ 2.40GHz, 8 cores, 15G,  Windows 11 , 64 bit Build 22621 (10.0.22621.5415)
Time: Mon Jun 15 08:24:55 2026 SE Asia Standard Time elapsed time: 0.019721 seconds (0d 0h 0m 0s)

---------------  T H R E A D  ---------------

Current thread (0x0000025ff66a6400):  JavaThread "Unknown thread" [_thread_in_vm, id=20068, stack(0x0000006841200000,0x0000006841300000) (1024K)]

Stack: [0x0000006841200000,0x0000006841300000]
Native frames: (J=compiled Java code, j=interpreted, Vv=VM code, C=native code)
V  [jvm.dll+0x6d9b69]
V  [jvm.dll+0x8b6073]
V  [jvm.dll+0x8b83ce]
V  [jvm.dll+0x8b8ab3]
V  [jvm.dll+0x286226]
V  [jvm.dll+0x6d62e5]
V  [jvm.dll+0x6ca94a]
V  [jvm.dll+0x35f47b]
V  [jvm.dll+0x367046]
V  [jvm.dll+0x3b92a6]
V  [jvm.dll+0x3b9578]
V  [jvm.dll+0x332b6c]
V  [jvm.dll+0x33385b]
V  [jvm.dll+0x87e359]
V  [jvm.dll+0x3c6461]
V  [jvm.dll+0x867673]
V  [jvm.dll+0x45a37e]
V  [jvm.dll+0x45c001]
C  [jli.dll+0x52ab]
C  [ucrtbase.dll+0x29333]
C  [KERNEL32.DLL+0x1259d]
C  [ntdll.dll+0x5af78]


---------------  P R O C E S S  ---------------

Threads class SMR info:
_java_thread_list=0x00007ff868898088, length=0, elements={
}

Java Threads: ( => current thread )
Total: 0

Other Threads:
  0x0000025ff89948d0 WorkerThread "GC Thread#0"                     [id=10376, stack(0x0000006841300000,0x0000006841400000) (1024K)]
  0x0000025ff89a56e0 ConcurrentGCThread "G1 Main Marker"            [id=22716, stack(0x0000006841400000,0x0000006841500000) (1024K)]
  0x0000025ff89a6980 WorkerThread "G1 Conc#0"                       [id=15720, stack(0x0000006841500000,0x0000006841600000) (1024K)]

[error occurred during error reporting (printing all threads), id 0xc0000005, EXCEPTION_ACCESS_VIOLATION (0xc0000005) at pc=0x00007ff867f95c27]
VM state: not at safepoint (not fully initialized)

VM Mutex/Monitor currently owned by a thread:  ([mutex/lock_event])
[0x00007ff86890c420] Heap_lock - owner thread: 0x0000025ff66a6400

Heap address: 0x0000000703800000, size: 4040 MB, Compressed Oops mode: Zero based, Oop shift amount: 3

CDS archive(s) mapped at: [0x0000000000000000-0x0000000000000000-0x0000000000000000), size 0, SharedBaseAddress: 0x0000000800000000, ArchiveRelocationMode: 1.
Narrow klass base: 0x0000000000000000, Narrow klass shift: 0, Narrow klass range: 0x0

GC Precious Log:
 CardTable entry size: 512
 Card Set container configuration: InlinePtr #cards 4 size 8 Array Of Cards #cards 16 size 48 Howl #buckets 8 coarsen threshold 3686 Howl Bitmap #cards 512 size 80 coarsen threshold 460 Card regions per heap region 1 cards per card region 4096

Heap:
 garbage-first heap   total 0K, used 0K [0x0000000703800000, 0x0000000800000000)
  region size 2048K, 0 young (0K), 0 survivors (0K)

[error occurred during error reporting (printing heap information), id 0xc0000005, EXCEPTION_ACCESS_VIOLATION (0xc0000005) at pc=0x00007ff868383569]
GC Heap History (0 events):
No events

Dll operation events (1 events):
Event: 0.011 Loaded shared library C:\Users\dell\.jdks\corretto-21.0.5\bin\java.dll

Deoptimization events (0 events):
No events

Classes loaded (0 events):
No events

Classes unloaded (0 events):
No events

Classes redefined (0 events):
No events

Internal exceptions (0 events):
No events

ZGC Phase Switch (0 events):
No events

VM Operations (0 events):
No events

Memory protections (0 events):
No events

Nmethod flushes (0 events):
No events

Events (0 events):
No events


Dynamic libraries:
0x00007ff673a30000 - 0x00007ff673a3e000 	C:\Users\dell\.jdks\corretto-21.0.5\bin\java.exe
0x00007ff8f84b0000 - 0x00007ff8f86c8000 	C:\WINDOWS\SYSTEM32\ntdll.dll
0x00007ff8f63c0000 - 0x00007ff8f6484000 	C:\WINDOWS\System32\KERNEL32.DLL
0x00007ff8f5b30000 - 0x00007ff8f5f03000 	C:\WINDOWS\System32\KERNELBASE.dll
0x00007ff8f6030000 - 0x00007ff8f6141000 	C:\WINDOWS\System32\ucrtbase.dll
0x00007ff8ea260000 - 0x00007ff8ea27b000 	C:\Users\dell\.jdks\corretto-21.0.5\bin\VCRUNTIME140.dll
0x00007ff8eb970000 - 0x00007ff8eb988000 	C:\Users\dell\.jdks\corretto-21.0.5\bin\jli.dll
0x00007ff8f6200000 - 0x00007ff8f63b2000 	C:\WINDOWS\System32\USER32.dll
0x00007ff8f57a0000 - 0x00007ff8f57c6000 	C:\WINDOWS\System32\win32u.dll
0x00007ff8d8de0000 - 0x00007ff8d907c000 	C:\WINDOWS\WinSxS\amd64_microsoft.windows.common-controls_6595b64144ccf1df_6.0.22621.6060_none_2712eda17382d24b\COMCTL32.dll
0x00007ff8f8440000 - 0x00007ff8f8469000 	C:\WINDOWS\System32\GDI32.dll
0x00007ff8f7a00000 - 0x00007ff8f7aa7000 	C:\WINDOWS\System32\msvcrt.dll
0x00007ff8f5f10000 - 0x00007ff8f602b000 	C:\WINDOWS\System32\gdi32full.dll
0x00007ff8f5700000 - 0x00007ff8f579a000 	C:\WINDOWS\System32\msvcp_win.dll
0x00007ff8f7ac0000 - 0x00007ff8f7af1000 	C:\WINDOWS\System32\IMM32.DLL
0x00007ff8f0d10000 - 0x00007ff8f0d1c000 	C:\Users\dell\.jdks\corretto-21.0.5\bin\vcruntime140_1.dll
0x00007ff8e6830000 - 0x00007ff8e68bd000 	C:\Users\dell\.jdks\corretto-21.0.5\bin\msvcp140.dll
0x00007ff867c50000 - 0x00007ff8689ed000 	C:\Users\dell\.jdks\corretto-21.0.5\bin\server\jvm.dll
0x00007ff8f6c30000 - 0x00007ff8f6ce1000 	C:\WINDOWS\System32\ADVAPI32.dll
0x00007ff8f7de0000 - 0x00007ff8f7e88000 	C:\WINDOWS\System32\sechost.dll
0x00007ff8f59c0000 - 0x00007ff8f59e8000 	C:\WINDOWS\System32\bcrypt.dll
0x00007ff8f6b10000 - 0x00007ff8f6c28000 	C:\WINDOWS\System32\RPCRT4.dll
0x00007ff8f7760000 - 0x00007ff8f77d1000 	C:\WINDOWS\System32\WS2_32.dll
0x00007ff8f43e0000 - 0x00007ff8f442d000 	C:\WINDOWS\SYSTEM32\POWRPROF.dll
0x00007ff8edc40000 - 0x00007ff8edc4a000 	C:\WINDOWS\SYSTEM32\VERSION.dll
0x00007ff8f0270000 - 0x00007ff8f02a4000 	C:\WINDOWS\SYSTEM32\WINMM.dll
0x00007ff8f43c0000 - 0x00007ff8f43d3000 	C:\WINDOWS\SYSTEM32\UMPDC.dll
0x00007ff8f4660000 - 0x00007ff8f4678000 	C:\WINDOWS\SYSTEM32\kernel.appcore.dll
0x00007ff8eb940000 - 0x00007ff8eb94a000 	C:\Users\dell\.jdks\corretto-21.0.5\bin\jimage.dll
0x00007ff8f2ac0000 - 0x00007ff8f2cf3000 	C:\WINDOWS\SYSTEM32\DBGHELP.DLL
0x00007ff8f65c0000 - 0x00007ff8f6951000 	C:\WINDOWS\System32\combase.dll
0x00007ff8f6de0000 - 0x00007ff8f6eb8000 	C:\WINDOWS\System32\OLEAUT32.dll
0x00007ff8de9d0000 - 0x00007ff8dea02000 	C:\WINDOWS\SYSTEM32\dbgcore.DLL
0x00007ff8f5ab0000 - 0x00007ff8f5b2b000 	C:\WINDOWS\System32\bcryptPrimitives.dll
0x00007ff8f0770000 - 0x00007ff8f077e000 	C:\Users\dell\.jdks\corretto-21.0.5\bin\instrument.dll
0x00007ff8eb920000 - 0x00007ff8eb93f000 	C:\Users\dell\.jdks\corretto-21.0.5\bin\java.dll

dbghelp: loaded successfully - version: 4.0.5 - missing functions: none
symbol engine: initialized successfully - sym options: 0x614 - pdb path: .;C:\Users\dell\.jdks\corretto-21.0.5\bin;C:\WINDOWS\SYSTEM32;C:\WINDOWS\WinSxS\amd64_microsoft.windows.common-controls_6595b64144ccf1df_6.0.22621.6060_none_2712eda17382d24b;C:\Users\dell\.jdks\corretto-21.0.5\bin\server

VM Arguments:
jvm_args: -javaagent:C:\Program Files\JetBrains\IntelliJ IDEA 2023.2.2\lib\idea_rt.jar=58673:C:\Program Files\JetBrains\IntelliJ IDEA 2023.2.2\bin -Dfile.encoding=UTF-8 -Dsun.stdout.encoding=UTF-8 -Dsun.stderr.encoding=UTF-8 
java_command: utils.RandomNumberGenerator
java_class_path (initial): E:\FreshFoodWeb\FreshFoodWeb\target\classes;C:\Users\dell\.m2\repository\javax\servlet\jstl\1.2\jstl-1.2.jar;C:\Users\dell\.m2\repository\com\sun\mail\javax.mail\1.6.2\javax.mail-1.6.2.jar;C:\Users\dell\.m2\repository\javax\activation\activation\1.1\activation-1.1.jar;C:\Users\dell\.m2\repository\com\google\code\gson\gson\2.10.1\gson-2.10.1.jar;C:\Users\dell\.m2\repository\com\mysql\mysql-connector-j\8.0.33\mysql-connector-j-8.0.33.jar;C:\Users\dell\.m2\repository\com\google\protobuf\protobuf-java\3.21.9\protobuf-java-3.21.9.jar;C:\Users\dell\.m2\repository\org\apache\httpcomponents\httpclient\4.5.13\httpclient-4.5.13.jar;C:\Users\dell\.m2\repository\org\apache\httpcomponents\httpcore\4.4.13\httpcore-4.4.13.jar;C:\Users\dell\.m2\repository\commons-codec\commons-codec\1.11\commons-codec-1.11.jar;C:\Users\dell\.m2\repository\org\apache\httpcomponents\fluent-hc\4.2\fluent-hc-4.2.jar;C:\Users\dell\.m2\repository\commons-logging\commons-logging\1.2\commons-logging-1.2.jar;C:\Users\dell\.m2\repository\commons-fileupload\commons-fileupload\1.5\commons-fileupload-1.5.jar;C:\Users\dell\.m2\repository\commons-io\commons-io\2.16.1\commons-io-2.16.1.jar;C:\Users\dell\.m2\repository\org\apache\poi\poi-ooxml\5.2.3\poi-ooxml-5.2.3.jar;C:\Users\dell\.m2\repository\org\apache\poi\poi\5.2.3\poi-5.2.3.jar;C:\Users\dell\.m2\repository\org\apache\commons\commons-math3\3.6.1\commons-math3-3.6.1.jar;C:\Users\dell\.m2\repository\com\zaxxer\SparseBitSet\1.2\SparseBitSet-1.2.jar;C:\Users\dell\.m2\repository\org\apache\poi\poi-ooxml-lite\5.2.3\poi-ooxml-lite-5.2.3.jar;C:\Users\dell\.m2\repository\org\apache\xmlbeans\xmlbeans\5.1.1\xmlbeans-5.1.1.jar;C:\Users\dell\.m2\repository\org\apache\commons\commons-compress\1.21\commons-compress-1.21.jar;C:\Users\dell\.m2\repository\com\github\virtuald\curvesapi\1.07\curvesapi-1.07.jar;C:\Users\dell\.m2\repository\org\apache\logging\log4j\log4j-api\2.18.0\log4j-api-2.18.0.jar;C:\Users\dell\.m2\repository\org\apache\commons\commons-collections4\4.4\commons-collections4-4.4.jar
Launcher Type: SUN_STANDARD

[Global flags]
     intx CICompilerCount                          = 4                                         {product} {ergonomic}
     uint ConcGCThreads                            = 2                                         {product} {ergonomic}
     uint G1ConcRefinementThreads                  = 8                                         {product} {ergonomic}
   size_t G1HeapRegionSize                         = 2097152                                   {product} {ergonomic}
    uintx GCDrainStackTargetSize                   = 64                                        {product} {ergonomic}
   size_t InitialHeapSize                          = 266338304                                 {product} {ergonomic}
   size_t MarkStackSize                            = 4194304                                   {product} {ergonomic}
   size_t MaxHeapSize                              = 4236247040                                {product} {ergonomic}
   size_t MinHeapDeltaBytes                        = 2097152                                   {product} {ergonomic}
   size_t MinHeapSize                              = 8388608                                   {product} {ergonomic}
    uintx NonNMethodCodeHeapSize                   = 5839372                                {pd product} {ergonomic}
    uintx NonProfiledCodeHeapSize                  = 122909434                              {pd product} {ergonomic}
    uintx ProfiledCodeHeapSize                     = 122909434                              {pd product} {ergonomic}
    uintx ReservedCodeCacheSize                    = 251658240                              {pd product} {ergonomic}
     bool SegmentedCodeCache                       = true                                      {product} {ergonomic}
   size_t SoftMaxHeapSize                          = 4236247040                             {manageable} {ergonomic}
     bool UseCompressedOops                        = true                           {product lp64_product} {ergonomic}
     bool UseG1GC                                  = true                                      {product} {ergonomic}
     bool UseLargePagesIndividualAllocation        = false                                  {pd product} {ergonomic}

Logging:
Log output configuration:
 #0: stdout all=warning uptime,level,tags foldmultilines=false
 #1: stderr all=off uptime,level,tags foldmultilines=false

Environment Variables:
PATH=C:\Program Files\Common Files\Oracle\Java\javapath;C:\Program Files\Microsoft MPI\Bin\;C:\Program Files (x86)\VMware\VMware Workstation\bin\;C:\Windows\system32;C:\Windows;C:\java_jdk8\jdk8\bin;C:\Windows\System32\Wbem;C:\Windows\System32\WindowsPowerShell\v1.0\;C:\Windows\System32\OpenSSH\;C:\Program Files (x86)\NVIDIA Corporation\PhysX\Common;C:\Program Files\NVIDIA Corporation\NVIDIA NvDLISR;C:\WINDOWS\system32;C:\WINDOWS;C:\WINDOWS\System32\Wbem;C:\WINDOWS\System32\WindowsPowerShell\v1.0\;C:\WINDOWS\System32\OpenSSH\;C:\Program Files\dotnet\;C:\Program Files (x86)\Microsoft SQL Server\160\Tools\Binn\;C:\Program Files\Microsoft SQL Server\160\Tools\Binn\;C:\Program Files\Microsoft SQL Server\Client SDK\ODBC\170\Tools\Binn\;C:\Program Files\Microsoft SQL Server\160\DTS\Binn\;C:\Program Files (x86)\Git\cmd;%m2o%\bin;C:\Program Files\Java\jdk-17\bin;C:\java_jdk8\jre\bin;C:\Redis\Redis-x64-3.0.504;C:\Program Files\Microsoft SQL Server\150\Tools\Binn\;C:\Program Files (x86)\Microsoft SQL Server\160\DTS\Binn\;C:\Users\dell\AppData\Local\nvm;C:\nvm4w\nodejs;C:\Program Files\Docker\Docker\resources\bin;C:\Users\dell\AppData\Local\Programs\Python\Launcher\;C:\Users\dell\AppData\Local\Microsoft\WindowsApps;C:\Program Files\Azure Data Studio\bin;C:\Program Files\JetBrains\IntelliJ IDEA 2023.2.2\bin;C:\Users\dell\AppData\Local\gitkraken\bin;C:\Program Files\JetBrains\WebStorm 2023.3.5\bin;;C:\Users\dell\AppData\Local\nvm;C:\nvm4w\nodejs;E:\intellij ide\IntelliJ IDEA Community Edition 2025.2.3\bin;C:\Users\dell\AppData\Local\Programs\Microsoft VS Code\bin
USERNAME=dell
OS=Windows_NT
PROCESSOR_IDENTIFIER=Intel64 Family 6 Model 165 Stepping 2, GenuineIntel
TMP=C:\Users\dell\AppData\Local\Temp
TEMP=C:\Users\dell\AppData\Local\Temp




Periodic native trim disabled

---------------  S Y S T E M  ---------------

OS:
 Windows 11 , 64 bit Build 22621 (10.0.22621.5415)
OS uptime: 16 days 14:41 hours
Hyper-V role detected

CPU: total 8 (initial active 8) (4 cores per cpu, 2 threads per core) family 6 model 165 stepping 2 microcode 0x100, cx8, cmov, fxsr, ht, mmx, 3dnowpref, sse, sse2, sse3, ssse3, sse4.1, sse4.2, popcnt, lzcnt, tsc, tscinvbit, avx, avx2, aes, erms, clmul, bmi1, bmi2, adx, fma, vzeroupper, clflush, clflushopt, hv, rdtscp, f16c
Processor Information for all 8 processors :
  Max Mhz: 2400, Current Mhz: 2400, Mhz Limit: 2400

Memory: 4k page, system-wide physical 16159M (1582M free)
TotalPageFile size 28250M (AvailPageFile size 70M)
current process WorkingSet (physical memory assigned to process): 11M, peak: 11M
current process commit charge ("private bytes"): 60M, peak: 314M

vm_info: OpenJDK 64-Bit Server VM (21.0.5+11-LTS) for windows-amd64 JRE (21.0.5+11-LTS), built on 2024-10-11T20:58:34Z by "Administrator" with MS VC++ 16.10 / 16.11 (VS2019)

END.
